================================================================================
RAREMINDS SUPER ADMIN DASHBOARD - BACKEND API TESTS
================================================================================
Testing against: https://passport-paginate.preview.emergentagent.com/api

📊 TESTING DATA RETRIEVAL APIS...
✅ PASS: API Root - API root endpoint working correctly
❌ FAIL: Metrics API - Metrics endpoint returned status 500
✅ PASS: Analytics Trends - Trends endpoint returned 0 data points
✅ PASS: Analytics State-wise - State-wise endpoint returned 0 states
✅ PASS: Users API - Users endpoint returned 1 users, org data: False
✅ PASS: Organizations API - Organizations endpoint returned 10 organizations
